../Core/Src/main.c:78:10:get_crc	24	static
../Core/Src/main.c:102:6:HAL_UART_RxCpltCallback	16	static
../Core/Src/main.c:107:9:check_crc	40	static
../Core/Src/main.c:130:5:main	80	static
../Core/Src/main.c:254:6:SystemClock_Config	88	static
../Core/Src/main.c:297:13:MX_ADC1_Init	24	static
../Core/Src/main.c:352:13:MX_I2C1_Init	8	static
../Core/Src/main.c:397:13:MX_USART1_UART_Init	8	static
../Core/Src/main.c:442:13:MX_USART2_UART_Init	8	static
../Core/Src/main.c:474:13:MX_DMA_Init	16	static
../Core/Src/main.c:491:13:MX_GPIO_Init	48	static
../Core/Src/main.c:531:6:Error_Handler	8	static,ignoring_inline_asm
